{
    "mccellpose defaults": {
        "content": [
            {
                "id": "test"
            },
            "test_mask.ome.tif",
            true,
            [
                "versions.yml:md5,e5dfb454e70555894c82d9d7376f7ea1"
            ]
        ],
        "meta": {
            "nf-test": "0.9.2",
            "nextflow": "25.10.0"
        },
        "timestamp": "2026-01-08T14:39:40.797531026"
    },
    "mccellpose defaults - stub": {
        "content": [
            {
                "0": [
                    [
                        {
                            "id": "test"
                        },
                        "test_mask.ome.tif:md5,d41d8cd98f00b204e9800998ecf8427e"
                    ]
                ],
                "1": [
                    "versions.yml:md5,e5dfb454e70555894c82d9d7376f7ea1"
                ],
                "mask": [
                    [
                        {
                            "id": "test"
                        },
                        "test_mask.ome.tif:md5,d41d8cd98f00b204e9800998ecf8427e"
                    ]
                ],
                "versions": [
                    "versions.yml:md5,e5dfb454e70555894c82d9d7376f7ea1"
                ]
            }
        ],
        "meta": {
            "nf-test": "0.9.2",
            "nextflow": "25.10.0"
        },
        "timestamp": "2026-01-08T14:39:50.713818162"
    }
}