{
    "-profile test": {
        "content": [
            10,
            {
                "ASHLAR": {
                    "ashlar": "1.18.0"
                },
                "BFTOOLS_SHOWINF": {
                    "showinf": "8.0.0"
                },
                "DEEPCELL_MESMER": {
                    "deepcell_mesmer": "0.4.1"
                },
                "MCQUANT": {
                    "mcquant": "1.5.4"
                },
                "Workflow": {
                    "nf-core/mcmicro": "v2.0.0"
                }
            },
            [
                "bftools",
                "bftools/TEST1.xml",
                "multiqc",
                "multiqc/multiqc_data",
                "multiqc/multiqc_data/BETA-multiqc.parquet",
                "multiqc/multiqc_data/multiqc.log",
                "multiqc/multiqc_data/multiqc_citations.txt",
                "multiqc/multiqc_data/multiqc_data.json",
                "multiqc/multiqc_data/multiqc_software_versions.txt",
                "multiqc/multiqc_data/multiqc_sources.txt",
                "multiqc/multiqc_report.html",
                "pipeline_info",
                "pipeline_info/nf_core_mcmicro_software_mqc_versions.yml",
                "quantification",
                "quantification/mcquant",
                "quantification/mcquant/mesmer",
                "quantification/mcquant/mesmer/TEST1_mask_TEST1.csv",
                "registration",
                "registration/ashlar",
                "registration/ashlar/TEST1.ome.tif",
                "segmentation",
                "segmentation/deepcell_mesmer",
                "segmentation/deepcell_mesmer/mask_TEST1.tif",
                "summary",
                "summary/summary_TEST1_samplesheet_mqc.tsv",
                "summary/summary_TEST1_xml_mqc.tsv",
                "summary/summary_markersheet_mqc.tsv"
            ],
            [
                "TEST1.xml:md5,b4e08d86595e773c42483343b06cd51d",
                "multiqc_citations.txt:md5,4c806e63a283ec1b7e78cdae3a923d4f",
                "TEST1.ome.tif:md5,988bbb2c74d47dc22a9f3ac348f53ef5",
                "mask_TEST1.tif:md5,3103759bd55b9deeb8c8a0dade798d9a",
                "summary_TEST1_samplesheet_mqc.tsv:md5,4ac911fceebc7d281a4970f568ccf62c",
                "summary_TEST1_xml_mqc.tsv:md5,bf43fc3bbc6b281cb1ac62e84febd8f4",
                "summary_markersheet_mqc.tsv:md5,033c68ed4f5a37fcafce7ebd87d7c5c4"
            ]
        ],
        "meta": {
            "nf-test": "0.9.2",
            "nextflow": "25.04.1"
        },
        "timestamp": "2025-08-22T11:46:37.467188067"
    }
}