{
    "-profile test": {
        "content": [
            {
                "ASHLAR": {
                    "ashlar": "1.18.0"
                },
                "BFTOOLS_SHOWINF": {
                    "showinf": "8.0.0"
                },
                "MCCELLPOSE": {
                    "mccellpose": "1.0.2",
                    "cellpose": "4.0.7"
                },
                "MCQUANT": {
                    "mcquant": "1.5.4"
                },
                "Workflow": {
                    "nf-core/mcmicro": "v2.0.0"
                }
            },
            [
                "bftools",
                "bftools/TEST1_1.xml",
                "multiqc",
                "multiqc/multiqc_data",
                "multiqc/multiqc_data/llms-full.txt",
                "multiqc/multiqc_data/multiqc.log",
                "multiqc/multiqc_data/multiqc.parquet",
                "multiqc/multiqc_data/multiqc_TEST1_1_samplesheet.txt",
                "multiqc/multiqc_data/multiqc_TEST1_1_xml.txt",
                "multiqc/multiqc_data/multiqc_citations.txt",
                "multiqc/multiqc_data/multiqc_data.json",
                "multiqc/multiqc_data/multiqc_markers_markersheet.txt",
                "multiqc/multiqc_data/multiqc_software_versions.txt",
                "multiqc/multiqc_data/multiqc_sources.txt",
                "multiqc/multiqc_plots",
                "multiqc/multiqc_plots/pdf",
                "multiqc/multiqc_plots/pdf/TEST1_1_samplesheet.pdf",
                "multiqc/multiqc_plots/pdf/TEST1_1_xml.pdf",
                "multiqc/multiqc_plots/pdf/markers_markersheet.pdf",
                "multiqc/multiqc_plots/png",
                "multiqc/multiqc_plots/png/TEST1_1_samplesheet.png",
                "multiqc/multiqc_plots/png/TEST1_1_xml.png",
                "multiqc/multiqc_plots/png/markers_markersheet.png",
                "multiqc/multiqc_plots/svg",
                "multiqc/multiqc_plots/svg/TEST1_1_samplesheet.svg",
                "multiqc/multiqc_plots/svg/TEST1_1_xml.svg",
                "multiqc/multiqc_plots/svg/markers_markersheet.svg",
                "multiqc/multiqc_report.html",
                "pipeline_info",
                "pipeline_info/nf_core_mcmicro_software_mqc_versions.yml",
                "quantification",
                "quantification/mcquant",
                "quantification/mcquant/mccellpose",
                "quantification/mcquant/mccellpose/TEST1_TEST1_mask_cell.csv",
                "registration",
                "registration/ashlar",
                "registration/ashlar/TEST1.ome.tif",
                "segmentation",
                "segmentation/mccellpose",
                "segmentation/mccellpose/TEST1_mask_cell.ome.tif",
                "summary",
                "summary/TEST1_1_samplesheet_mqc.tsv",
                "summary/TEST1_1_xml_mqc.tsv",
                "summary/markers_markersheet_mqc.tsv"
            ],
            [
                "TEST1_1.xml:md5,b4e08d86595e773c42483343b06cd51d",
                "multiqc_TEST1_1_samplesheet.txt:md5,0e0bdf69d86b593fad614aa16db1d113",
                "multiqc_TEST1_1_xml.txt:md5,bec2bb1f488d96d79ddb00c6b3a54d44",
                "multiqc_citations.txt:md5,4c806e63a283ec1b7e78cdae3a923d4f",
                "multiqc_markers_markersheet.txt:md5,4cefab2c3058207af86e69d85c3f1e6d",
                "TEST1.ome.tif:md5,988bbb2c74d47dc22a9f3ac348f53ef5",
                "TEST1_1_samplesheet_mqc.tsv:md5,13cf3b7ed83cfeae01242043c5b176b9",
                "TEST1_1_xml_mqc.tsv:md5,bf43fc3bbc6b281cb1ac62e84febd8f4",
                "markers_markersheet_mqc.tsv:md5,b302d9e7ce2a4bab3586f38d6753e368"
            ]
        ],
        "meta": {
            "nf-test": "0.9.2",
            "nextflow": "25.04.8"
        },
        "timestamp": "2025-10-17T11:23:13.364946883"
    }
}