{
    "-profile test": {
        "content": [
            6,
            {
                "ASHLAR": {
                    "ashlar": "1.18.0"
                },
                "DEEPCELL_MESMER": {
                    "deepcell_mesmer": "0.4.1"
                },
                "MCQUANT": {
                    "mcquant": "1.5.4"
                },
                "Workflow": {
                    "nf-core/mcmicro": "v2.0.0"
                }
            },
            [
                "multiqc",
                "multiqc/multiqc_data",
                "multiqc/multiqc_data/multiqc.log",
                "multiqc/multiqc_data/multiqc_citations.txt",
                "multiqc/multiqc_data/multiqc_data.json",
                "multiqc/multiqc_data/multiqc_software_versions.txt",
                "multiqc/multiqc_data/multiqc_sources.txt",
                "multiqc/multiqc_report.html",
                "omextractor",
                "omextractor/ome.xml",
                "pipeline_info",
                "pipeline_info/nf_core_mcmicro_software_mqc_versions.yml",
                "quantification",
                "quantification/mcquant",
                "quantification/mcquant/mesmer",
                "quantification/mcquant/mesmer/TEST1_mask_TEST1.csv",
                "registration",
                "registration/ashlar",
                "registration/ashlar/TEST1.ome.tif",
                "segmentation",
                "segmentation/deepcell_mesmer",
                "segmentation/deepcell_mesmer/mask_TEST1.tif"
            ],
            [
                "multiqc_citations.txt:md5,4c806e63a283ec1b7e78cdae3a923d4f",
                "ome.xml:md5,b4e08d86595e773c42483343b06cd51d",
                "TEST1.ome.tif:md5,988bbb2c74d47dc22a9f3ac348f53ef5",
                "mask_TEST1.tif:md5,3103759bd55b9deeb8c8a0dade798d9a"
            ]
        ],
        "meta": {
            "nf-test": "0.9.2",
            "nextflow": "24.10.5"
        },
        "timestamp": "2025-06-15T00:42:06.727187587"
    }
}