{
    "cycle: multiple file ashlar input no correction": {
        "content": [
            "cycif-tonsil.ome.tif:md5,5f4165203545b7efe04ed5f4a6d5ac9d",
            "mask_cycif-tonsil.tif:md5,c1075eb025f558fcadedc1f0d903ec15",
            "cycif-tonsil_mask_cycif-tonsil.csv:rounded:md5,01286b0d3b0245d5ece0d279c0a5391e"
        ],
        "meta": {
            "nf-test": "0.8.4",
            "nextflow": "23.10.1"
        },
        "timestamp": "2024-04-22T16:00:36.270528511"
    },
    "cycle: basicpy illumination correction": {
        "content": [
            {
                "format": "OME-TIFF",
                "type": "uint16",
                "sizeX": 591,
                "sizeY": 470,
                "sizeZ": 1,
                "sizeC": 4,
                "sizeT": 1,
                "physicalSizeX": 0.65,
                "physicalSizeY": 0.65,
                "physicalSizeZ": null
            },
            {
                "format": "Tagged Image File Format",
                "type": "int32",
                "sizeX": 591,
                "sizeY": 470,
                "sizeZ": 1,
                "sizeC": 1,
                "sizeT": 1,
                "physicalSizeX": 1.0,
                "physicalSizeY": 1.0,
                "physicalSizeZ": null
            },
            {
                "headers": [
                    "CellID",
                    "DNA_6",
                    "ELANE",
                    "CD57",
                    "CD45",
                    "X_centroid",
                    "Y_centroid",
                    "Area",
                    "MajorAxisLength",
                    "MinorAxisLength",
                    "Eccentricity",
                    "Solidity",
                    "Extent",
                    "Orientation"
                ],
                "rowCount": 311
            },
            {
                "format": "Tagged Image File Format",
                "type": "float",
                "sizeX": 220,
                "sizeY": 180,
                "sizeZ": 1,
                "sizeC": 4,
                "sizeT": 1,
                "physicalSizeX": 1.0,
                "physicalSizeY": 1.0,
                "physicalSizeZ": null
            },
            {
                "format": "Tagged Image File Format",
                "type": "float",
                "sizeX": 220,
                "sizeY": 180,
                "sizeZ": 1,
                "sizeC": 4,
                "sizeT": 1,
                "physicalSizeX": 1.0,
                "physicalSizeY": 1.0,
                "physicalSizeZ": null
            }
        ],
        "meta": {
            "nf-test": "0.8.4",
            "nextflow": "23.10.1"
        },
        "timestamp": "2024-04-23T11:52:51.734421588"
    },
    "cycle: multiple file ashlar input with multiple samples no correction, multiple segmentation": {
        "content": [
            "cycif-tonsil.ome.tif:md5,9d4fca1d7ec97be3f6343eb712af9dea",
            "cycif-tonsil2.ome.tif:md5,ea772fef41d398ffd76cbb6354266678",
            "mask_cycif-tonsil.tif:md5,c1075eb025f558fcadedc1f0d903ec15",
            "mask_cycif-tonsil2.tif:md5,bacaeced4f2159b8b7f3b42d173f995c",
            "cycif-tonsil.ome_cp_masks.tif:md5,88690c63ef3b695f44e5bad40b8175a3",
            "cycif-tonsil2.ome_cp_masks.tif:md5,c4590940d460cfe34168661573cfd87d",
            "cycif-tonsil_mask_cycif-tonsil.csv:rounded:md5,5b5036130a84dc31268007aaf3322917",
            "cycif-tonsil2_mask_cycif-tonsil2.csv:rounded:md5,61eb9b30399fb29041f2d080181b6e47",
            "cycif-tonsil_cycif-tonsil.csv:rounded:md5,96c0754e24b8474d4c191bdff4351701",
            "cycif-tonsil2_cycif-tonsil2.csv:rounded:md5,a53cf1c3df3ff3edfa93e1d266185701"
        ],
        "meta": {
            "nf-test": "0.8.4",
            "nextflow": "23.10.1"
        },
        "timestamp": "2024-07-09T14:19:05.560663388"
    },
    "cycle: no illumination correction, cellpose segmentation": {
        "content": [
            "TEST1.ome.tif:md5,ae98ac74e3c818bb26c99ba4b9c2dd51",
            "TEST1.ome_cp_masks.tif:md5,47bd29c261db5fe062ee35c1b5daccc1",
            "TEST1_TEST1.csv:rounded:md5,42ecd15013bea6dbea4e0343c7b0bef7"
        ],
        "meta": {
            "nf-test": "0.8.4",
            "nextflow": "23.10.1"
        },
        "timestamp": "2024-07-18T17:30:38.010217727"
    },
    "cycle: multiple file ashlar input with basicpy correction": {
        "content": [
            {
                "format": "OME-TIFF",
                "type": "uint16",
                "sizeX": 591,
                "sizeY": 470,
                "sizeZ": 1,
                "sizeC": 12,
                "sizeT": 1,
                "physicalSizeX": 0.65,
                "physicalSizeY": 0.65,
                "physicalSizeZ": null
            },
            {
                "format": "Tagged Image File Format",
                "type": "int32",
                "sizeX": 591,
                "sizeY": 470,
                "sizeZ": 1,
                "sizeC": 1,
                "sizeT": 1,
                "physicalSizeX": 1.0,
                "physicalSizeY": 1.0,
                "physicalSizeZ": null
            },
            {
                "headers": [
                    "CellID",
                    "DNA_6",
                    "ELANE",
                    "CD57",
                    "CD45",
                    "DNA_7",
                    "ELANE7",
                    "CD577",
                    "CD457",
                    "DNA_8",
                    "ELANE8",
                    "CD578",
                    "CD458",
                    "X_centroid",
                    "Y_centroid",
                    "Area",
                    "MajorAxisLength",
                    "MinorAxisLength",
                    "Eccentricity",
                    "Solidity",
                    "Extent",
                    "Orientation"
                ],
                "rowCount": 311
            },
            {
                "format": "Tagged Image File Format",
                "type": "float",
                "sizeX": 220,
                "sizeY": 180,
                "sizeZ": 1,
                "sizeC": 4,
                "sizeT": 1,
                "physicalSizeX": 1.0,
                "physicalSizeY": 1.0,
                "physicalSizeZ": null
            },
            {
                "format": "Tagged Image File Format",
                "type": "float",
                "sizeX": 220,
                "sizeY": 180,
                "sizeZ": 1,
                "sizeC": 4,
                "sizeT": 1,
                "physicalSizeX": 1.0,
                "physicalSizeY": 1.0,
                "physicalSizeZ": null
            },
            {
                "format": "Tagged Image File Format",
                "type": "float",
                "sizeX": 220,
                "sizeY": 180,
                "sizeZ": 1,
                "sizeC": 4,
                "sizeT": 1,
                "physicalSizeX": 1.0,
                "physicalSizeY": 1.0,
                "physicalSizeZ": null
            },
            {
                "format": "Tagged Image File Format",
                "type": "float",
                "sizeX": 220,
                "sizeY": 180,
                "sizeZ": 1,
                "sizeC": 4,
                "sizeT": 1,
                "physicalSizeX": 1.0,
                "physicalSizeY": 1.0,
                "physicalSizeZ": null
            },
            {
                "format": "Tagged Image File Format",
                "type": "float",
                "sizeX": 220,
                "sizeY": 180,
                "sizeZ": 1,
                "sizeC": 4,
                "sizeT": 1,
                "physicalSizeX": 1.0,
                "physicalSizeY": 1.0,
                "physicalSizeZ": null
            },
            {
                "format": "Tagged Image File Format",
                "type": "float",
                "sizeX": 220,
                "sizeY": 180,
                "sizeZ": 1,
                "sizeC": 4,
                "sizeT": 1,
                "physicalSizeX": 1.0,
                "physicalSizeY": 1.0,
                "physicalSizeZ": null
            }
        ],
        "meta": {
            "nf-test": "0.8.4",
            "nextflow": "23.10.1"
        },
        "timestamp": "2024-04-23T11:53:19.871380893"
    },
    "cycle: no illumination correction": {
        "content": [
            "TEST1.ome.tif:md5,ae98ac74e3c818bb26c99ba4b9c2dd51",
            "mask_TEST1.tif:md5,c1075eb025f558fcadedc1f0d903ec15",
            "TEST1_mask_TEST1.csv:rounded:md5,a7c226a3d32a94dd05356c5998eae522"
        ],
        "meta": {
            "nf-test": "0.8.4",
            "nextflow": "23.10.1"
        },
        "timestamp": "2024-04-22T15:58:40.245133922"
    },
    "cycle: multiple file ashlar input with multiple samples and basicpy correction": {
        "content": [
            {
                "format": "OME-TIFF",
                "type": "uint16",
                "sizeX": 591,
                "sizeY": 470,
                "sizeZ": 1,
                "sizeC": 8,
                "sizeT": 1,
                "physicalSizeX": 0.65,
                "physicalSizeY": 0.65,
                "physicalSizeZ": null
            },
            {
                "format": "OME-TIFF",
                "type": "uint16",
                "sizeX": 591,
                "sizeY": 468,
                "sizeZ": 1,
                "sizeC": 8,
                "sizeT": 1,
                "physicalSizeX": 0.65,
                "physicalSizeY": 0.65,
                "physicalSizeZ": null
            },
            {
                "format": "Tagged Image File Format",
                "type": "int32",
                "sizeX": 591,
                "sizeY": 470,
                "sizeZ": 1,
                "sizeC": 1,
                "sizeT": 1,
                "physicalSizeX": 1.0,
                "physicalSizeY": 1.0,
                "physicalSizeZ": null
            },
            "mask_cycif-tonsil2.tif:md5,bacaeced4f2159b8b7f3b42d173f995c",
            {
                "headers": [
                    "CellID",
                    "DNA_6",
                    "ELANE",
                    "CD57",
                    "CD45",
                    "DNA_7",
                    "ELANE7",
                    "CD577",
                    "CD457",
                    "X_centroid",
                    "Y_centroid",
                    "Area",
                    "MajorAxisLength",
                    "MinorAxisLength",
                    "Eccentricity",
                    "Solidity",
                    "Extent",
                    "Orientation"
                ],
                "rowCount": 311
            },
            {
                "headers": [
                    "CellID",
                    "DNA_6",
                    "ELANE",
                    "CD57",
                    "CD45",
                    "DNA_7",
                    "ELANE7",
                    "CD577",
                    "CD457",
                    "X_centroid",
                    "Y_centroid",
                    "Area",
                    "MajorAxisLength",
                    "MinorAxisLength",
                    "Eccentricity",
                    "Solidity",
                    "Extent",
                    "Orientation"
                ],
                "rowCount": 297
            },
            {
                "format": "Tagged Image File Format",
                "type": "float",
                "sizeX": 220,
                "sizeY": 180,
                "sizeZ": 1,
                "sizeC": 4,
                "sizeT": 1,
                "physicalSizeX": 1.0,
                "physicalSizeY": 1.0,
                "physicalSizeZ": null
            },
            {
                "format": "Tagged Image File Format",
                "type": "float",
                "sizeX": 220,
                "sizeY": 180,
                "sizeZ": 1,
                "sizeC": 4,
                "sizeT": 1,
                "physicalSizeX": 1.0,
                "physicalSizeY": 1.0,
                "physicalSizeZ": null
            },
            {
                "format": "Tagged Image File Format",
                "type": "float",
                "sizeX": 220,
                "sizeY": 180,
                "sizeZ": 1,
                "sizeC": 4,
                "sizeT": 1,
                "physicalSizeX": 1.0,
                "physicalSizeY": 1.0,
                "physicalSizeZ": null
            },
            {
                "format": "Tagged Image File Format",
                "type": "float",
                "sizeX": 220,
                "sizeY": 180,
                "sizeZ": 1,
                "sizeC": 4,
                "sizeT": 1,
                "physicalSizeX": 1.0,
                "physicalSizeY": 1.0,
                "physicalSizeZ": null
            },
            {
                "format": "Tagged Image File Format",
                "type": "float",
                "sizeX": 220,
                "sizeY": 180,
                "sizeZ": 1,
                "sizeC": 4,
                "sizeT": 1,
                "physicalSizeX": 1.0,
                "physicalSizeY": 1.0,
                "physicalSizeZ": null
            },
            {
                "format": "Tagged Image File Format",
                "type": "float",
                "sizeX": 220,
                "sizeY": 180,
                "sizeZ": 1,
                "sizeC": 4,
                "sizeT": 1,
                "physicalSizeX": 1.0,
                "physicalSizeY": 1.0,
                "physicalSizeZ": null
            }
        ],
        "meta": {
            "nf-test": "0.8.4",
            "nextflow": "23.10.1"
        },
        "timestamp": "2024-04-23T11:53:49.129871827"
    },
    "cycle: multiple file ashlar input with multiple samples no correction": {
        "content": [
            "cycif-tonsil.ome.tif:md5,9d4fca1d7ec97be3f6343eb712af9dea",
            "cycif-tonsil2.ome.tif:md5,ea772fef41d398ffd76cbb6354266678",
            "mask_cycif-tonsil.tif:md5,c1075eb025f558fcadedc1f0d903ec15",
            "mask_cycif-tonsil2.tif:md5,bacaeced4f2159b8b7f3b42d173f995c",
            "cycif-tonsil_mask_cycif-tonsil.csv:rounded:md5,5b5036130a84dc31268007aaf3322917",
            "cycif-tonsil2_mask_cycif-tonsil2.csv:rounded:md5,61eb9b30399fb29041f2d080181b6e47"
        ],
        "meta": {
            "nf-test": "0.8.4",
            "nextflow": "23.10.1"
        },
        "timestamp": "2024-04-22T16:00:55.775911164"
    },
    "cycle: manual illumination correction": {
        "content": [
            "TEST1.ome.tif:md5,ae98ac74e3c818bb26c99ba4b9c2dd51",
            "mask_TEST1.tif:md5,c1075eb025f558fcadedc1f0d903ec15",
            "TEST1_mask_TEST1.csv:rounded:md5,a7c226a3d32a94dd05356c5998eae522"
        ],
        "meta": {
            "nf-test": "0.8.4",
            "nextflow": "23.10.1"
        },
        "timestamp": "2024-04-22T15:59:42.197064018"
    },
    "cycle: no illumination correction, coreograph": {
        "content": [
            "TEST1.ome.tif:md5,4b667e356ab2f1c675dd74ef1436d902",
            "mask_TEST1_1.tif:md5,ba7a1801058f54991f7235e8157b136b",
            "mask_TEST1_2.tif:md5,fdf09860d899bd7bb3061d6106746b68",
            "mask_TEST1_3.tif:md5,829e9043d6f2cce6895313e1143c5699",
            "mask_TEST1_4.tif:md5,7fd8922a931a46b8bc69c4125337b97e",
            "mask_TEST1_5.tif:md5,02918ed645d045aa221206d95a10befe",
            "mask_TEST1_6.tif:md5,c4ad806d6366c2ced2b739c02d3ce256",
            "mask_TEST1_7.tif:md5,8773f1ac2586e2c22e751a6a7b0ef638",
            "mask_TEST1_8.tif:md5,bdb3d059217103017fdafae8433fadfb",
            "mask_TEST1_9.tif:md5,ec3b7db9867410223375be113e35f867",
            "mask_TEST1_10.tif:md5,8e52a81283a64faee2e3cead3b0ef843",
            "mask_TEST1_11.tif:md5,eda1d995f31fe6a2fa0da8b5805c54b5",
            "mask_TEST1_12.tif:md5,5026564cd3f5d9d178e5611bc630c252",
            "mask_TEST1_13.tif:md5,1bece9e6aa117a9b9a2d5fdcf0658364",
            "mask_TEST1_14.tif:md5,21d324c70f3b64da559b4291c40787ee",
            "mask_TEST1_15.tif:md5,8dd36daf2d79c8016bfae83089be43d1",
            "mask_TEST1_16.tif:md5,289dcc5810a448960f7df0ca6f8aeb18",
            "mask_TEST1_17.tif:md5,3280af6656f400d07d317eeb8494edef",
            "mask_TEST1_18.tif:md5,3ad7eb70674eb94e057feb77f385b567",
            "mask_TEST1_19.tif:md5,228d673a5b0e007c3b0a4365b35772fd",
            "mask_TEST1_20.tif:md5,85ffdbc124dd191e32d93b0526b0df36",
            "mask_TEST1_21.tif:md5,c5a5d2371fd68b458022c852e1c888eb",
            "mask_TEST1_22.tif:md5,dba833e63ce1e9fd450fe2b1bcd2adbd",
            "mask_TEST1_23.tif:md5,6d605698a1c15fe7599dffe51aed6b9d",
            "mask_TEST1_24.tif:md5,35474f9d6e6e5fd31fa8fb94f582fc11",
            "mask_TEST1_25.tif:md5,5723d9ee6e89e7676b6fd0c8f0ef87df",
            "mask_TEST1_26.tif:md5,67a8f01c88439d61b740d86bb562afb1",
            "mask_TEST1_27.tif:md5,2495ea80db37124c5f2ac685aab6d19d",
            "mask_TEST1_28.tif:md5,c3b1968423ded13832ad106d0df65431",
            "mask_TEST1_29.tif:md5,f748434e458ab60c3227b68dcc0f8795",
            "mask_TEST1_30.tif:md5,dd4b9b5d0c271202f1e18c23464d4c27",
            "mask_TEST1_31.tif:md5,5a3921df1616ab3751cabde4e039a029",
            "mask_TEST1_32.tif:md5,aac51cb335a1b71be762e7974fd967ab",
            "mask_TEST1_33.tif:md5,478d4d0dba9db497e0eb17e901b2e072",
            "mask_TEST1_34.tif:md5,e392b1a42073ffbe929568741c2c56bb",
            "mask_TEST1_35.tif:md5,d7f025d24b4087d7ec67d23561b0cf16",
            "mask_TEST1_36.tif:md5,77d27a9a270c16455f6f8685be452f96",
            "mask_TEST1_37.tif:md5,23443136d975fd449d7fe125d50b775b",
            "mask_TEST1_38.tif:md5,8e78ee0ad2e114eb4247d01214c34093",
            "mask_TEST1_39.tif:md5,981e913fcfec7b42d4214f95e80c424e",
            "mask_TEST1_40.tif:md5,706fc029d0f29e749f6147c1f4bb5b4e",
            "mask_TEST1_41.tif:md5,83dc2edec93a0c6030c829bb598d4c53",
            "mask_TEST1_42.tif:md5,ed23194ed8f44b0bb5e8adbe93ba35fc",
            "mask_TEST1_43.tif:md5,d0a406e5444637a4cc851959d38140c7",
            "mask_TEST1_44.tif:md5,7f82a7a89e66c6ae5d73d4a84fe97bbc",
            "mask_TEST1_45.tif:md5,eaea2a997bb231c6c0c08f931419542b",
            "mask_TEST1_46.tif:md5,772cfa4322c85b28d8d3439e6179fae6",
            "mask_TEST1_47.tif:md5,2edb07cba0b86a90efbef232f26d1b8b",
            "1_mask_TEST1_1.csv:rounded:md5,a125a716375795805baeaedc663e8c17",
            "2_mask_TEST1_2.csv:rounded:md5,da512f703f05b73392853361e96844cf",
            "3_mask_TEST1_3.csv:rounded:md5,cef3fd27ae5ddb05873fa6feeb87ba36",
            "4_mask_TEST1_4.csv:rounded:md5,b97ddd3fbc3ff583aefc3ffb31b2b579",
            "5_mask_TEST1_5.csv:rounded:md5,7cf80746d3ef0d14c60d30e0a34baf57",
            "6_mask_TEST1_6.csv:rounded:md5,88c40dd535b9721343b849b533d5114f",
            "7_mask_TEST1_7.csv:rounded:md5,f3c93fd36c0258a70f78aafeff8d2456",
            "8_mask_TEST1_8.csv:rounded:md5,ec5163ff0fdac175ba4136001e6e8129",
            "9_mask_TEST1_9.csv:rounded:md5,40e8414f1ddb32322797dd24dcf0c94d",
            "10_mask_TEST1_10.csv:rounded:md5,88888b39611e403cec429c5e853e454f",
            "11_mask_TEST1_11.csv:rounded:md5,115536dcf4e8b93ec8f9edece045a100",
            "12_mask_TEST1_12.csv:rounded:md5,f52995e23bbf7bcafdab46e82311932c",
            "13_mask_TEST1_13.csv:rounded:md5,fa2a4393fb30e20ea523ca4886431134",
            "14_mask_TEST1_14.csv:rounded:md5,2d5ec14301d60b24dfa7d44cb530ef92",
            "15_mask_TEST1_15.csv:rounded:md5,3689f3ecb776c083b2e52eeb54b5c4c3",
            "16_mask_TEST1_16.csv:rounded:md5,a56468f308a68306b68ac227eb1e0c9a",
            "17_mask_TEST1_17.csv:rounded:md5,fb95739a681f1c14bf501711128f4785",
            "18_mask_TEST1_18.csv:rounded:md5,7cd59af88becb6490aaf8d501b6524c4",
            "19_mask_TEST1_19.csv:rounded:md5,b3ef0b127fdea20d23a4712b263debcb",
            "20_mask_TEST1_20.csv:rounded:md5,80c4eb68ea7c1125b4502bb3117466b8",
            "21_mask_TEST1_21.csv:rounded:md5,bf972b95d8b152129ecde5c09019661b",
            "22_mask_TEST1_22.csv:rounded:md5,c3701c16db941942412c95cbd7be264e",
            "23_mask_TEST1_23.csv:rounded:md5,ddf78293a28b7d232efb4cc08276c546",
            "24_mask_TEST1_24.csv:rounded:md5,0577754ad841c493d0b74fb245cb0202",
            "25_mask_TEST1_25.csv:rounded:md5,94f07122ebf58c5bc81ec274ad7faaa0",
            "26_mask_TEST1_26.csv:rounded:md5,cdbf1e1edd00251e640f3dc9f1249bfa",
            "27_mask_TEST1_27.csv:rounded:md5,4f4154669989de86d0f9179f22a6ae02",
            "28_mask_TEST1_28.csv:rounded:md5,eb3017af35690dcd4e1b23dee0389790",
            "29_mask_TEST1_29.csv:rounded:md5,6fefd178e0af1e2e32ccb0caf25ae082",
            "30_mask_TEST1_30.csv:rounded:md5,74557027dbd25a85a8a3001530c3b9cd",
            "31_mask_TEST1_31.csv:rounded:md5,2acb00dd5584c0d59ab8b0ce8c09c48d",
            "32_mask_TEST1_32.csv:rounded:md5,946278c08a6c09f93c841285047daa6e",
            "33_mask_TEST1_33.csv:rounded:md5,0c307d5303aabc3eaf0364f6b93323a4",
            "34_mask_TEST1_34.csv:rounded:md5,af1e478bcb84d16cbcb98cb32a85b060",
            "35_mask_TEST1_35.csv:rounded:md5,d3ef58ddcb221bc8c0819e3a08d4120e",
            "36_mask_TEST1_36.csv:rounded:md5,7fdf13290ef6965a3431e743b281421a",
            "37_mask_TEST1_37.csv:rounded:md5,eda1fa49c691fec5ccaed36f50c8e873",
            "38_mask_TEST1_38.csv:rounded:md5,2cb2aee630b148967b38e0d89bc9dfa1",
            "39_mask_TEST1_39.csv:rounded:md5,730bb6fa5116a037acd39aeaa4143e5f",
            "40_mask_TEST1_40.csv:rounded:md5,6e66a2d2975efd282265391ac6f5f117",
            "41_mask_TEST1_41.csv:rounded:md5,10ff7e852033c3d1b1fd9b54aa6a5ef6",
            "42_mask_TEST1_42.csv:rounded:md5,81938474e1cd053eae9c61a5f229fb55",
            "43_mask_TEST1_43.csv:rounded:md5,789f8707c20c81e193a69fd7a07c882e",
            "44_mask_TEST1_44.csv:rounded:md5,20f4dd4ffc64a493d461e74b7aaab1af",
            "45_mask_TEST1_45.csv:rounded:md5,e0e62301aeca4c41ef0dda76b675a11e",
            "46_mask_TEST1_46.csv:rounded:md5,57fd5e9858d0b107e35646f31f96e577",
            "47_mask_TEST1_47.csv:rounded:md5,7f8171726aaf1763911b39c209ac8fe6"
        ],
        "meta": {
            "nf-test": "0.8.4",
            "nextflow": "23.10.1"
        },
        "timestamp": "2024-07-16T12:35:15.511339581"
    }
}