{
    "Should run without failures": {
        "content": [
            {
                "0": [
                    "ome.xml:md5,ed5ee37836ecc78e05ea9ad3cd5e663d"
                ],
                "xml": [
                    "ome.xml:md5,ed5ee37836ecc78e05ea9ad3cd5e663d"
                ]
            }
        ],
        "meta": {
            "nf-test": "0.9.2",
            "nextflow": "23.10.1"
        },
        "timestamp": "2025-05-13T12:24:37.428688431"
    }
}