{
    "Should extract normally on test data": {
        "content": [
            {
                "0": [
                    [
                        {
                            "pixel_size": 0.65,
                            "channel_count": 4,
                            "pixel_size_unit": "\u00b5m",
                            "pixel_datatype": "uint16",
                            "tile_count": 9,
                            "tile_size_x": 220,
                            "tile_size_y": 180,
                            "id": "TEST1",
                            "cycle_number": 1
                        },
                        "https://raw.githubusercontent.com/nf-core/test-datasets/modules/data/imaging/ome-tiff/cycif-tonsil-cycle1.ome.tif",
                        [
                            
                        ],
                        [
                            
                        ]
                    ]
                ],
                "1": [
                    [
                        {
                            "channel_number": 1,
                            "cycle_number": 1,
                            "marker_name": "DNA 1",
                            "filter": null,
                            "excitation_wavelength": null,
                            "emission_wavelength": null,
                            "exposure": null,
                            "background": null,
                            "remove": null,
                            "exposure_time": null,
                            "exposure_time_unit": null
                        },
                        {
                            "channel_number": 2,
                            "cycle_number": 1,
                            "marker_name": "Na/K ATPase",
                            "filter": null,
                            "excitation_wavelength": null,
                            "emission_wavelength": null,
                            "exposure": null,
                            "background": null,
                            "remove": null,
                            "exposure_time": null,
                            "exposure_time_unit": null
                        },
                        {
                            "channel_number": 3,
                            "cycle_number": 1,
                            "marker_name": "CD3",
                            "filter": null,
                            "excitation_wavelength": null,
                            "emission_wavelength": null,
                            "exposure": null,
                            "background": null,
                            "remove": null,
                            "exposure_time": null,
                            "exposure_time_unit": null
                        },
                        {
                            "channel_number": 4,
                            "cycle_number": 1,
                            "marker_name": "CD45RO",
                            "filter": null,
                            "excitation_wavelength": null,
                            "emission_wavelength": null,
                            "exposure": null,
                            "background": null,
                            "remove": null,
                            "exposure_time": null,
                            "exposure_time_unit": null
                        }
                    ]
                ],
                "2": [
                    "versions.yml:md5,d1c44034f94247fc069ce03aa3874a7b"
                ],
                "markersheet": [
                    [
                        {
                            "channel_number": 1,
                            "cycle_number": 1,
                            "marker_name": "DNA 1",
                            "filter": null,
                            "excitation_wavelength": null,
                            "emission_wavelength": null,
                            "exposure": null,
                            "background": null,
                            "remove": null,
                            "exposure_time": null,
                            "exposure_time_unit": null
                        },
                        {
                            "channel_number": 2,
                            "cycle_number": 1,
                            "marker_name": "Na/K ATPase",
                            "filter": null,
                            "excitation_wavelength": null,
                            "emission_wavelength": null,
                            "exposure": null,
                            "background": null,
                            "remove": null,
                            "exposure_time": null,
                            "exposure_time_unit": null
                        },
                        {
                            "channel_number": 3,
                            "cycle_number": 1,
                            "marker_name": "CD3",
                            "filter": null,
                            "excitation_wavelength": null,
                            "emission_wavelength": null,
                            "exposure": null,
                            "background": null,
                            "remove": null,
                            "exposure_time": null,
                            "exposure_time_unit": null
                        },
                        {
                            "channel_number": 4,
                            "cycle_number": 1,
                            "marker_name": "CD45RO",
                            "filter": null,
                            "excitation_wavelength": null,
                            "emission_wavelength": null,
                            "exposure": null,
                            "background": null,
                            "remove": null,
                            "exposure_time": null,
                            "exposure_time_unit": null
                        }
                    ]
                ],
                "samplesheet": [
                    [
                        {
                            "pixel_size": 0.65,
                            "channel_count": 4,
                            "pixel_size_unit": "\u00b5m",
                            "pixel_datatype": "uint16",
                            "tile_count": 9,
                            "tile_size_x": 220,
                            "tile_size_y": 180,
                            "id": "TEST1",
                            "cycle_number": 1
                        },
                        "https://raw.githubusercontent.com/nf-core/test-datasets/modules/data/imaging/ome-tiff/cycif-tonsil-cycle1.ome.tif",
                        [
                            
                        ],
                        [
                            
                        ]
                    ]
                ],
                "versions": [
                    "versions.yml:md5,d1c44034f94247fc069ce03aa3874a7b"
                ]
            }
        ],
        "meta": {
            "nf-test": "0.9.2",
            "nextflow": "25.04.1"
        },
        "timestamp": "2025-07-02T16:01:17.625706552"
    }
}