{
    "Should extract normally on test data": {
        "content": [
            {
                "0": [
                    [
                        {
                            "pixel_size": 0.65,
                            "channel_count": 4,
                            "pixel_size_unit": "\u00b5m",
                            "pixel_datatype": "uint16",
                            "tile_count": 9,
                            "tile_size_x": 220,
                            "tile_size_y": 180,
                            "id": "TEST1",
                            "cycle_number": 1
                        },
                        "https://raw.githubusercontent.com/nf-core/test-datasets/modules/data/imaging/ome-tiff/cycif-tonsil-cycle1.ome.tif",
                        [
                            
                        ],
                        [
                            
                        ]
                    ]
                ],
                "1": [
                    [
                        {
                            "channel_number": 1,
                            "cycle_number": 1,
                            "marker_name": "DNA_6",
                            "filter": null,
                            "excitation_wavelength": null,
                            "emission_wavelength": null,
                            "exposure": null,
                            "background": null,
                            "remove": null,
                            "exposure_time": null,
                            "exposure_time_unit": null
                        }
                    ]
                ],
                "markersheet": [
                    [
                        {
                            "channel_number": 1,
                            "cycle_number": 1,
                            "marker_name": "DNA_6",
                            "filter": null,
                            "excitation_wavelength": null,
                            "emission_wavelength": null,
                            "exposure": null,
                            "background": null,
                            "remove": null,
                            "exposure_time": null,
                            "exposure_time_unit": null
                        }
                    ]
                ],
                "samplesheet": [
                    [
                        {
                            "pixel_size": 0.65,
                            "channel_count": 4,
                            "pixel_size_unit": "\u00b5m",
                            "pixel_datatype": "uint16",
                            "tile_count": 9,
                            "tile_size_x": 220,
                            "tile_size_y": 180,
                            "id": "TEST1",
                            "cycle_number": 1
                        },
                        "https://raw.githubusercontent.com/nf-core/test-datasets/modules/data/imaging/ome-tiff/cycif-tonsil-cycle1.ome.tif",
                        [
                            
                        ],
                        [
                            
                        ]
                    ]
                ]
            }
        ],
        "meta": {
            "nf-test": "0.9.2",
            "nextflow": "25.04.7"
        },
        "timestamp": "2025-09-19T14:56:06.975763413"
    }
}