{
    "versions": {
        "content": [
            [
                "versions.yml:md5,038a3138460501f8cf5dcd982b1f05aa",
                "versions.yml:md5,4caa84440e82e76fc387549c101f7ccd",
                "versions.yml:md5,a95fffe435a8977d85664177b448b52c",
                "versions.yml:md5,b25dd7741700a85d5421d11318fb0e99"
            ]
        ],
        "meta": {
            "nf-test": "0.9.2",
            "nextflow": "25.04.1"
        },
        "timestamp": "2025-07-18T12:08:16.783260237"
    }
}