{
    "versions": {
        "content": [
            [
                "versions.yml:md5,5641d357800ee48d29b610b16f1466ef",
                "versions.yml:md5,aff4555fe3c06d4ab2c2f58cf2cf9b18",
                "versions.yml:md5,b25dd7741700a85d5421d11318fb0e99"
            ]
        ],
        "meta": {
            "nf-test": "0.9.2",
            "nextflow": "25.10.0"
        },
        "timestamp": "2026-01-08T15:28:34.700891799"
    }
}