{
    "normal run": {
        "content": [
            {
                "0": [
                    "TEST1_1_xml_mqc.tsv:md5,0bb8d0c5dcb7d5995998114e9cebcab8"
                ],
                "1": [
                    "TEST1_1_samplesheet_mqc.tsv:md5,4ac911fceebc7d281a4970f568ccf62c"
                ],
                "2": [
                    "markers_markersheet_mqc.tsv:md5,8de635ae2c00c558e7f24e3fb74198a1"
                ],
                "output_file_markersheet": [
                    "markers_markersheet_mqc.tsv:md5,8de635ae2c00c558e7f24e3fb74198a1"
                ],
                "output_file_samplesheet": [
                    "TEST1_1_samplesheet_mqc.tsv:md5,4ac911fceebc7d281a4970f568ccf62c"
                ],
                "output_file_xml": [
                    "TEST1_1_xml_mqc.tsv:md5,0bb8d0c5dcb7d5995998114e9cebcab8"
                ]
            }
        ],
        "meta": {
            "nf-test": "0.9.2",
            "nextflow": "25.04.7"
        },
        "timestamp": "2025-11-12T16:08:06.907312405"
    }
}